1732701432.889413 client started (6237): version 3.5a, socket /tmp/tmux-1000/default, protocol 8
1732701432.889432 on Linux 6.11.8-300.fc41.x86_64 #1 SMP PREEMPT_DYNAMIC Thu Nov 14 20:37:39 UTC 2024
1732701432.889440 using libevent 2.1.12-stable poll
1732701432.889444 using ncurses 6.5 20240629
1732701432.889461 flags are 0x10010000
1732701432.889471 socket is /tmp/tmux-1000/default
1732701432.889484 trying connect
1732701432.889540 add peer 0x5561ee63f800: 6 ((nil))
1732701432.889786 sending message 111 to peer 0x5561ee63f800 (8 bytes)
1732701432.889794 sending message 111 to peer 0x5561ee63f800 (8 bytes)
1732701432.889798 sending message 101 to peer 0x5561ee63f800 (14 bytes)
1732701432.889802 sending message 109 to peer 0x5561ee63f800 (4 bytes)
1732701432.889805 sending message 102 to peer 0x5561ee63f800 (11 bytes)
1732701432.889809 sending message 108 to peer 0x5561ee63f800 (31 bytes)
1732701432.889812 sending message 112 to peer 0x5561ee63f800 (70 bytes)
1732701432.889816 sending message 112 to peer 0x5561ee63f800 (5 bytes)
1732701432.889820 sending message 112 to peer 0x5561ee63f800 (5 bytes)
1732701432.889823 sending message 112 to peer 0x5561ee63f800 (6 bytes)
1732701432.889826 sending message 112 to peer 0x5561ee63f800 (6 bytes)
1732701432.889830 sending message 112 to peer 0x5561ee63f800 (11 bytes)
1732701432.889833 sending message 112 to peer 0x5561ee63f800 (10 bytes)
1732701432.889837 sending message 112 to peer 0x5561ee63f800 (13 bytes)
1732701432.889840 sending message 112 to peer 0x5561ee63f800 (13 bytes)
1732701432.889844 sending message 112 to peer 0x5561ee63f800 (18 bytes)
1732701432.889847 sending message 112 to peer 0x5561ee63f800 (11 bytes)
1732701432.889851 sending message 112 to peer 0x5561ee63f800 (10 bytes)
1732701432.889854 sending message 112 to peer 0x5561ee63f800 (15 bytes)
1732701432.889858 sending message 112 to peer 0x5561ee63f800 (21 bytes)
1732701432.889861 sending message 112 to peer 0x5561ee63f800 (13 bytes)
1732701432.889864 sending message 112 to peer 0x5561ee63f800 (7 bytes)
1732701432.889868 sending message 112 to peer 0x5561ee63f800 (13 bytes)
1732701432.889871 sending message 112 to peer 0x5561ee63f800 (7 bytes)
1732701432.889875 sending message 112 to peer 0x5561ee63f800 (13 bytes)
1732701432.889878 sending message 112 to peer 0x5561ee63f800 (9 bytes)
1732701432.889882 sending message 112 to peer 0x5561ee63f800 (21 bytes)
1732701432.889885 sending message 112 to peer 0x5561ee63f800 (13 bytes)
1732701432.889889 sending message 112 to peer 0x5561ee63f800 (8 bytes)
1732701432.889892 sending message 112 to peer 0x5561ee63f800 (12 bytes)
1732701432.889896 sending message 112 to peer 0x5561ee63f800 (13 bytes)
1732701432.889899 sending message 112 to peer 0x5561ee63f800 (9 bytes)
1732701432.889902 sending message 112 to peer 0x5561ee63f800 (9 bytes)
1732701432.889906 sending message 112 to peer 0x5561ee63f800 (12 bytes)
1732701432.889909 sending message 112 to peer 0x5561ee63f800 (8 bytes)
1732701432.889913 sending message 112 to peer 0x5561ee63f800 (8 bytes)
1732701432.889916 sending message 112 to peer 0x5561ee63f800 (7 bytes)
1732701432.889920 sending message 112 to peer 0x5561ee63f800 (7 bytes)
1732701432.889923 sending message 112 to peer 0x5561ee63f800 (9 bytes)
1732701432.889927 sending message 112 to peer 0x5561ee63f800 (13 bytes)
1732701432.889930 sending message 112 to peer 0x5561ee63f800 (6 bytes)
1732701432.889934 sending message 112 to peer 0x5561ee63f800 (9 bytes)
1732701432.889937 sending message 112 to peer 0x5561ee63f800 (15 bytes)
1732701432.889941 sending message 112 to peer 0x5561ee63f800 (13 bytes)
1732701432.889944 sending message 112 to peer 0x5561ee63f800 (12 bytes)
1732701432.889948 sending message 112 to peer 0x5561ee63f800 (8 bytes)
1732701432.889951 sending message 112 to peer 0x5561ee63f800 (14 bytes)
1732701432.889954 sending message 112 to peer 0x5561ee63f800 (11 bytes)
1732701432.889958 sending message 112 to peer 0x5561ee63f800 (9 bytes)
1732701432.889961 sending message 112 to peer 0x5561ee63f800 (10 bytes)
1732701432.889965 sending message 112 to peer 0x5561ee63f800 (10 bytes)
1732701432.889982 sending message 112 to peer 0x5561ee63f800 (10 bytes)
1732701432.889987 sending message 112 to peer 0x5561ee63f800 (10 bytes)
1732701432.889991 sending message 112 to peer 0x5561ee63f800 (11 bytes)
1732701432.889994 sending message 112 to peer 0x5561ee63f800 (12 bytes)
1732701432.889998 sending message 112 to peer 0x5561ee63f800 (12 bytes)
1732701432.890001 sending message 112 to peer 0x5561ee63f800 (12 bytes)
1732701432.890005 sending message 112 to peer 0x5561ee63f800 (12 bytes)
1732701432.890008 sending message 112 to peer 0x5561ee63f800 (12 bytes)
1732701432.890012 sending message 112 to peer 0x5561ee63f800 (11 bytes)
1732701432.890015 sending message 112 to peer 0x5561ee63f800 (11 bytes)
1732701432.890019 sending message 112 to peer 0x5561ee63f800 (12 bytes)
1732701432.890022 sending message 112 to peer 0x5561ee63f800 (12 bytes)
1732701432.890026 sending message 112 to peer 0x5561ee63f800 (12 bytes)
1732701432.890029 sending message 112 to peer 0x5561ee63f800 (12 bytes)
1732701432.890033 sending message 112 to peer 0x5561ee63f800 (12 bytes)
1732701432.890036 sending message 112 to peer 0x5561ee63f800 (10 bytes)
1732701432.890040 sending message 112 to peer 0x5561ee63f800 (12 bytes)
1732701432.890043 sending message 112 to peer 0x5561ee63f800 (13 bytes)
1732701432.890047 sending message 112 to peer 0x5561ee63f800 (13 bytes)
1732701432.890050 sending message 112 to peer 0x5561ee63f800 (13 bytes)
1732701432.890053 sending message 112 to peer 0x5561ee63f800 (13 bytes)
1732701432.890057 sending message 112 to peer 0x5561ee63f800 (13 bytes)
1732701432.890060 sending message 112 to peer 0x5561ee63f800 (8 bytes)
1732701432.890064 sending message 112 to peer 0x5561ee63f800 (11 bytes)
1732701432.890068 sending message 112 to peer 0x5561ee63f800 (11 bytes)
1732701432.890071 sending message 112 to peer 0x5561ee63f800 (11 bytes)
1732701432.890075 sending message 112 to peer 0x5561ee63f800 (12 bytes)
1732701432.890078 sending message 112 to peer 0x5561ee63f800 (12 bytes)
1732701432.890082 sending message 112 to peer 0x5561ee63f800 (12 bytes)
1732701432.890085 sending message 112 to peer 0x5561ee63f800 (12 bytes)
1732701432.890089 sending message 112 to peer 0x5561ee63f800 (13 bytes)
1732701432.890092 sending message 112 to peer 0x5561ee63f800 (13 bytes)
1732701432.890096 sending message 112 to peer 0x5561ee63f800 (13 bytes)
1732701432.890099 sending message 112 to peer 0x5561ee63f800 (8 bytes)
1732701432.890103 sending message 112 to peer 0x5561ee63f800 (13 bytes)
1732701432.890106 sending message 112 to peer 0x5561ee63f800 (13 bytes)
1732701432.890110 sending message 112 to peer 0x5561ee63f800 (13 bytes)
1732701432.890113 sending message 112 to peer 0x5561ee63f800 (13 bytes)
1732701432.890117 sending message 112 to peer 0x5561ee63f800 (13 bytes)
1732701432.890120 sending message 112 to peer 0x5561ee63f800 (12 bytes)
1732701432.890124 sending message 112 to peer 0x5561ee63f800 (12 bytes)
1732701432.890127 sending message 112 to peer 0x5561ee63f800 (12 bytes)
1732701432.890131 sending message 112 to peer 0x5561ee63f800 (12 bytes)
1732701432.890134 sending message 112 to peer 0x5561ee63f800 (13 bytes)
1732701432.890137 sending message 112 to peer 0x5561ee63f800 (8 bytes)
1732701432.890141 sending message 112 to peer 0x5561ee63f800 (13 bytes)
1732701432.890144 sending message 112 to peer 0x5561ee63f800 (13 bytes)
1732701432.890148 sending message 112 to peer 0x5561ee63f800 (13 bytes)
1732701432.890151 sending message 112 to peer 0x5561ee63f800 (13 bytes)
1732701432.890155 sending message 112 to peer 0x5561ee63f800 (13 bytes)
1732701432.890159 sending message 112 to peer 0x5561ee63f800 (13 bytes)
1732701432.890162 sending message 112 to peer 0x5561ee63f800 (13 bytes)
1732701432.890165 sending message 112 to peer 0x5561ee63f800 (12 bytes)
1732701432.890169 sending message 112 to peer 0x5561ee63f800 (12 bytes)
1732701432.890172 sending message 112 to peer 0x5561ee63f800 (12 bytes)
1732701432.890176 sending message 112 to peer 0x5561ee63f800 (8 bytes)
1732701432.890180 sending message 112 to peer 0x5561ee63f800 (12 bytes)
1732701432.890188 sending message 112 to peer 0x5561ee63f800 (13 bytes)
1732701432.890192 sending message 112 to peer 0x5561ee63f800 (13 bytes)
1732701432.890195 sending message 112 to peer 0x5561ee63f800 (13 bytes)
1732701432.890199 sending message 112 to peer 0x5561ee63f800 (13 bytes)
1732701432.890202 sending message 112 to peer 0x5561ee63f800 (13 bytes)
1732701432.890206 sending message 112 to peer 0x5561ee63f800 (13 bytes)
1732701432.890209 sending message 112 to peer 0x5561ee63f800 (13 bytes)
1732701432.890213 sending message 112 to peer 0x5561ee63f800 (13 bytes)
1732701432.890216 sending message 112 to peer 0x5561ee63f800 (12 bytes)
1732701432.890220 sending message 112 to peer 0x5561ee63f800 (10 bytes)
1732701432.890223 sending message 112 to peer 0x5561ee63f800 (12 bytes)
1732701432.890227 sending message 112 to peer 0x5561ee63f800 (12 bytes)
1732701432.890230 sending message 112 to peer 0x5561ee63f800 (12 bytes)
1732701432.890234 sending message 112 to peer 0x5561ee63f800 (13 bytes)
1732701432.890237 sending message 112 to peer 0x5561ee63f800 (13 bytes)
1732701432.890241 sending message 112 to peer 0x5561ee63f800 (13 bytes)
1732701432.890244 sending message 112 to peer 0x5561ee63f800 (13 bytes)
1732701432.890248 sending message 112 to peer 0x5561ee63f800 (13 bytes)
1732701432.890251 sending message 112 to peer 0x5561ee63f800 (13 bytes)
1732701432.890255 sending message 112 to peer 0x5561ee63f800 (13 bytes)
1732701432.890258 sending message 112 to peer 0x5561ee63f800 (10 bytes)
1732701432.890262 sending message 112 to peer 0x5561ee63f800 (13 bytes)
1732701432.890265 sending message 112 to peer 0x5561ee63f800 (12 bytes)
1732701432.890268 sending message 112 to peer 0x5561ee63f800 (12 bytes)
1732701432.890272 sending message 112 to peer 0x5561ee63f800 (12 bytes)
1732701432.890275 sending message 112 to peer 0x5561ee63f800 (10 bytes)
1732701432.890279 sending message 112 to peer 0x5561ee63f800 (10 bytes)
1732701432.890282 sending message 112 to peer 0x5561ee63f800 (10 bytes)
1732701432.890286 sending message 112 to peer 0x5561ee63f800 (12 bytes)
1732701432.890289 sending message 112 to peer 0x5561ee63f800 (13 bytes)
1732701432.890293 sending message 112 to peer 0x5561ee63f800 (13 bytes)
1732701432.890296 sending message 112 to peer 0x5561ee63f800 (13 bytes)
1732701432.890300 sending message 112 to peer 0x5561ee63f800 (13 bytes)
1732701432.890303 sending message 112 to peer 0x5561ee63f800 (13 bytes)
1732701432.890307 sending message 112 to peer 0x5561ee63f800 (11 bytes)
1732701432.890310 sending message 112 to peer 0x5561ee63f800 (11 bytes)
1732701432.890314 sending message 112 to peer 0x5561ee63f800 (12 bytes)
1732701432.890317 sending message 112 to peer 0x5561ee63f800 (12 bytes)
1732701432.890321 sending message 112 to peer 0x5561ee63f800 (12 bytes)
1732701432.890324 sending message 112 to peer 0x5561ee63f800 (12 bytes)
1732701432.890328 sending message 112 to peer 0x5561ee63f800 (12 bytes)
1732701432.890331 sending message 112 to peer 0x5561ee63f800 (11 bytes)
1732701432.890335 sending message 112 to peer 0x5561ee63f800 (12 bytes)
1732701432.890338 sending message 112 to peer 0x5561ee63f800 (12 bytes)
1732701432.890342 sending message 112 to peer 0x5561ee63f800 (13 bytes)
1732701432.890345 sending message 112 to peer 0x5561ee63f800 (13 bytes)
1732701432.890349 sending message 112 to peer 0x5561ee63f800 (13 bytes)
1732701432.890352 sending message 112 to peer 0x5561ee63f800 (13 bytes)
1732701432.890356 sending message 112 to peer 0x5561ee63f800 (13 bytes)
1732701432.890359 sending message 112 to peer 0x5561ee63f800 (10 bytes)
1732701432.890363 sending message 112 to peer 0x5561ee63f800 (9 bytes)
1732701432.890366 sending message 112 to peer 0x5561ee63f800 (12 bytes)
1732701432.890370 sending message 112 to peer 0x5561ee63f800 (13 bytes)
1732701432.890373 sending message 112 to peer 0x5561ee63f800 (13 bytes)
1732701432.890377 sending message 112 to peer 0x5561ee63f800 (13 bytes)
1732701432.890380 sending message 112 to peer 0x5561ee63f800 (13 bytes)
1732701432.890384 sending message 112 to peer 0x5561ee63f800 (13 bytes)
1732701432.890391 sending message 112 to peer 0x5561ee63f800 (9 bytes)
1732701432.890395 sending message 112 to peer 0x5561ee63f800 (12 bytes)
1732701432.890398 sending message 112 to peer 0x5561ee63f800 (13 bytes)
1732701432.890402 sending message 112 to peer 0x5561ee63f800 (13 bytes)
1732701432.890405 sending message 112 to peer 0x5561ee63f800 (13 bytes)
1732701432.890409 sending message 112 to peer 0x5561ee63f800 (13 bytes)
1732701432.890412 sending message 112 to peer 0x5561ee63f800 (13 bytes)
1732701432.890416 sending message 112 to peer 0x5561ee63f800 (11 bytes)
1732701432.890419 sending message 112 to peer 0x5561ee63f800 (12 bytes)
1732701432.890423 sending message 112 to peer 0x5561ee63f800 (13 bytes)
1732701432.890426 sending message 112 to peer 0x5561ee63f800 (13 bytes)
1732701432.890430 sending message 112 to peer 0x5561ee63f800 (13 bytes)
1732701432.890433 sending message 112 to peer 0x5561ee63f800 (13 bytes)
1732701432.890437 sending message 112 to peer 0x5561ee63f800 (13 bytes)
1732701432.890440 sending message 112 to peer 0x5561ee63f800 (11 bytes)
1732701432.890444 sending message 112 to peer 0x5561ee63f800 (12 bytes)
1732701432.890447 sending message 112 to peer 0x5561ee63f800 (12 bytes)
1732701432.890451 sending message 112 to peer 0x5561ee63f800 (12 bytes)
1732701432.890454 sending message 112 to peer 0x5561ee63f800 (12 bytes)
1732701432.890458 sending message 112 to peer 0x5561ee63f800 (12 bytes)
1732701432.890461 sending message 112 to peer 0x5561ee63f800 (21 bytes)
1732701432.890465 sending message 112 to peer 0x5561ee63f800 (12 bytes)
1732701432.890469 sending message 112 to peer 0x5561ee63f800 (9 bytes)
1732701432.890472 sending message 112 to peer 0x5561ee63f800 (6 bytes)
1732701432.890475 sending message 112 to peer 0x5561ee63f800 (13 bytes)
1732701432.890479 sending message 112 to peer 0x5561ee63f800 (8 bytes)
1732701432.890483 sending message 112 to peer 0x5561ee63f800 (15 bytes)
1732701432.890486 sending message 112 to peer 0x5561ee63f800 (13 bytes)
1732701432.890490 sending message 112 to peer 0x5561ee63f800 (9 bytes)
1732701432.890493 sending message 112 to peer 0x5561ee63f800 (70 bytes)
1732701432.890497 sending message 112 to peer 0x5561ee63f800 (69 bytes)
1732701432.890501 sending message 112 to peer 0x5561ee63f800 (10 bytes)
1732701432.890504 sending message 112 to peer 0x5561ee63f800 (10 bytes)
1732701432.890508 sending message 112 to peer 0x5561ee63f800 (8 bytes)
1732701432.890511 sending message 112 to peer 0x5561ee63f800 (15 bytes)
1732701432.890515 sending message 112 to peer 0x5561ee63f800 (13 bytes)
1732701432.890518 sending message 112 to peer 0x5561ee63f800 (10 bytes)
1732701432.890522 sending message 112 to peer 0x5561ee63f800 (10 bytes)
1732701432.890525 sending message 112 to peer 0x5561ee63f800 (17 bytes)
1732701432.890529 sending message 112 to peer 0x5561ee63f800 (10 bytes)
1732701432.890532 sending message 112 to peer 0x5561ee63f800 (13 bytes)
1732701432.890536 sending message 112 to peer 0x5561ee63f800 (9 bytes)
1732701432.890539 sending message 112 to peer 0x5561ee63f800 (5 bytes)
1732701432.890543 sending message 112 to peer 0x5561ee63f800 (15 bytes)
1732701432.890547 sending message 104 to peer 0x5561ee63f800 (0 bytes)
1732701432.890552 sending message 110 to peer 0x5561ee63f800 (0 bytes)
1732701432.890556 sending message 107 to peer 0x5561ee63f800 (4 bytes)
1732701432.890560 sending message 105 to peer 0x5561ee63f800 (16 bytes)
1732701432.890563 sending message 105 to peer 0x5561ee63f800 (33 bytes)
1732701432.890567 sending message 105 to peer 0x5561ee63f800 (78 bytes)
1732701432.890571 sending message 105 to peer 0x5561ee63f800 (11 bytes)
1732701432.890574 sending message 105 to peer 0x5561ee63f800 (20 bytes)
1732701432.890578 sending message 105 to peer 0x5561ee63f800 (106 bytes)
1732701432.890581 sending message 105 to peer 0x5561ee63f800 (36 bytes)
1732701432.890585 sending message 105 to peer 0x5561ee63f800 (58 bytes)
1732701432.890589 sending message 105 to peer 0x5561ee63f800 (61 bytes)
1732701432.890592 sending message 105 to peer 0x5561ee63f800 (24 bytes)
1732701432.890599 sending message 105 to peer 0x5561ee63f800 (24 bytes)
1732701432.890603 sending message 105 to peer 0x5561ee63f800 (26 bytes)
1732701432.890607 sending message 105 to peer 0x5561ee63f800 (35 bytes)
1732701432.890610 sending message 105 to peer 0x5561ee63f800 (17 bytes)
1732701432.890614 sending message 105 to peer 0x5561ee63f800 (15 bytes)
1732701432.890617 sending message 105 to peer 0x5561ee63f800 (43 bytes)
1732701432.890621 sending message 105 to peer 0x5561ee63f800 (10 bytes)
1732701432.890625 sending message 105 to peer 0x5561ee63f800 (46 bytes)
1732701432.890628 sending message 105 to peer 0x5561ee63f800 (50 bytes)
1732701432.890632 sending message 105 to peer 0x5561ee63f800 (51 bytes)
1732701432.890636 sending message 105 to peer 0x5561ee63f800 (20 bytes)
1732701432.890639 sending message 105 to peer 0x5561ee63f800 (23 bytes)
1732701432.890643 sending message 105 to peer 0x5561ee63f800 (75 bytes)
1732701432.890646 sending message 105 to peer 0x5561ee63f800 (25 bytes)
1732701432.890650 sending message 105 to peer 0x5561ee63f800 (19 bytes)
1732701432.890654 sending message 105 to peer 0x5561ee63f800 (12 bytes)
1732701432.890657 sending message 105 to peer 0x5561ee63f800 (15 bytes)
1732701432.890661 sending message 105 to peer 0x5561ee63f800 (35 bytes)
1732701432.890664 sending message 105 to peer 0x5561ee63f800 (24 bytes)
1732701432.890668 sending message 105 to peer 0x5561ee63f800 (15 bytes)
1732701432.890671 sending message 105 to peer 0x5561ee63f800 (25 bytes)
1732701432.890675 sending message 105 to peer 0x5561ee63f800 (22 bytes)
1732701432.890678 sending message 105 to peer 0x5561ee63f800 (39 bytes)
1732701432.890682 sending message 105 to peer 0x5561ee63f800 (24 bytes)
1732701432.890686 sending message 105 to peer 0x5561ee63f800 (43 bytes)
1732701432.890689 sending message 105 to peer 0x5561ee63f800 (18 bytes)
1732701432.890693 sending message 105 to peer 0x5561ee63f800 (33 bytes)
1732701432.890696 sending message 105 to peer 0x5561ee63f800 (17 bytes)
1732701432.890700 sending message 105 to peer 0x5561ee63f800 (1911 bytes)
1732701432.890713 sending message 105 to peer 0x5561ee63f800 (24 bytes)
1732701432.890718 sending message 105 to peer 0x5561ee63f800 (28 bytes)
1732701432.890721 sending message 105 to peer 0x5561ee63f800 (140 bytes)
1732701432.890725 sending message 105 to peer 0x5561ee63f800 (20 bytes)
1732701432.890728 sending message 105 to peer 0x5561ee63f800 (26 bytes)
1732701432.890732 sending message 105 to peer 0x5561ee63f800 (33 bytes)
1732701432.890736 sending message 105 to peer 0x5561ee63f800 (13 bytes)
1732701432.890739 sending message 105 to peer 0x5561ee63f800 (69 bytes)
1732701432.890743 sending message 105 to peer 0x5561ee63f800 (52 bytes)
1732701432.890746 sending message 105 to peer 0x5561ee63f800 (47 bytes)
1732701432.890750 sending message 105 to peer 0x5561ee63f800 (23 bytes)
1732701432.890753 sending message 105 to peer 0x5561ee63f800 (16 bytes)
1732701432.890757 sending message 105 to peer 0x5561ee63f800 (23 bytes)
1732701432.890760 sending message 105 to peer 0x5561ee63f800 (38 bytes)
1732701432.890764 sending message 105 to peer 0x5561ee63f800 (21 bytes)
1732701432.890767 sending message 105 to peer 0x5561ee63f800 (26 bytes)
1732701432.890771 sending message 105 to peer 0x5561ee63f800 (73 bytes)
1732701432.890774 sending message 105 to peer 0x5561ee63f800 (22 bytes)
1732701432.890778 sending message 105 to peer 0x5561ee63f800 (20 bytes)
1732701432.890781 sending message 105 to peer 0x5561ee63f800 (23 bytes)
1732701432.890785 sending message 105 to peer 0x5561ee63f800 (19 bytes)
1732701432.890789 sending message 105 to peer 0x5561ee63f800 (35 bytes)
1732701432.890792 sending message 105 to peer 0x5561ee63f800 (12 bytes)
1732701432.890796 sending message 105 to peer 0x5561ee63f800 (13 bytes)
1732701432.890799 sending message 105 to peer 0x5561ee63f800 (15 bytes)
1732701432.890803 sending message 105 to peer 0x5561ee63f800 (23 bytes)
1732701432.890806 sending message 105 to peer 0x5561ee63f800 (22 bytes)
1732701432.890810 sending message 105 to peer 0x5561ee63f800 (50 bytes)
1732701432.890817 sending message 105 to peer 0x5561ee63f800 (12 bytes)
1732701432.890821 sending message 105 to peer 0x5561ee63f800 (11 bytes)
1732701432.890825 sending message 105 to peer 0x5561ee63f800 (8 bytes)
1732701432.890828 sending message 105 to peer 0x5561ee63f800 (14 bytes)
1732701432.890832 sending message 105 to peer 0x5561ee63f800 (11 bytes)
1732701432.890835 sending message 105 to peer 0x5561ee63f800 (17 bytes)
1732701432.890839 sending message 105 to peer 0x5561ee63f800 (31 bytes)
1732701432.890842 sending message 105 to peer 0x5561ee63f800 (55 bytes)
1732701432.890846 sending message 105 to peer 0x5561ee63f800 (40 bytes)
1732701432.890849 sending message 105 to peer 0x5561ee63f800 (13 bytes)
1732701432.890853 sending message 105 to peer 0x5561ee63f800 (15 bytes)
1732701432.890856 sending message 105 to peer 0x5561ee63f800 (30 bytes)
1732701432.890860 sending message 105 to peer 0x5561ee63f800 (23 bytes)
1732701432.890863 sending message 105 to peer 0x5561ee63f800 (121 bytes)
1732701432.890867 sending message 105 to peer 0x5561ee63f800 (22 bytes)
1732701432.890871 sending message 105 to peer 0x5561ee63f800 (206 bytes)
1732701432.890874 sending message 105 to peer 0x5561ee63f800 (19 bytes)
1732701432.890878 sending message 105 to peer 0x5561ee63f800 (54 bytes)
1732701432.890881 sending message 105 to peer 0x5561ee63f800 (28 bytes)
1732701432.890885 sending message 105 to peer 0x5561ee63f800 (52 bytes)
1732701432.890888 sending message 105 to peer 0x5561ee63f800 (28 bytes)
1732701432.890892 sending message 105 to peer 0x5561ee63f800 (37 bytes)
1732701432.890895 sending message 105 to peer 0x5561ee63f800 (18 bytes)
1732701432.890899 sending message 105 to peer 0x5561ee63f800 (31 bytes)
1732701432.890902 sending message 105 to peer 0x5561ee63f800 (16 bytes)
1732701432.890906 sending message 106 to peer 0x5561ee63f800 (0 bytes)
1732701432.890948 sending message 200 to peer 0x5561ee63f800 (4 bytes)
1732701432.890952 client loop enter
1732701432.891308 peer 0x5561ee63f800 message 303
1732701432.891317 open write file 2 -
1732701432.891325 sending message 305 to peer 0x5561ee63f800 (8 bytes)
1732701432.891338 write check file 2
1732701432.891470 peer 0x5561ee63f800 message 304
1732701432.891478 write 58 to file 2
1732701432.891483 peer 0x5561ee63f800 message 203
1732701432.891487 file 2 58 bytes left
1732701432.891499 write check file 2
1732701432.891502 client loop exit
